******************************************************************************
                  TI ARM Linker PC v20.2.7                     
******************************************************************************
>> Linked Wed Sep 30 18:19:18 2026

OUTPUT FILE NAME:   <rtos.out>
ENTRY POINT SYMBOL: "_c_int00_noargs"  address: 00001481


MEMORY CONFIGURATION

         name            origin    length      used     unused   attr    fill
----------------------  --------  ---------  --------  --------  ----  --------
  FLASH                 00000000   00040000  000015d0  0003ea30  R  X
  MSP_SRAM              20000000   00000200  00000200  00000000  RW  
  DATA_SRAM             20000200   00000e00  00000042  00000dbe  RW  
  HEAP_SRAM             20001000   00007000  00000000  00007000  RW  


SEGMENT ALLOCATION MAP

run origin  load origin   length   init length attrs members
----------  ----------- ---------- ----------- ----- -------
00000000    00000000    000015d0   000015d0    r-x
  00000000    00000000    0000026c   0000026c    r-- .intvecs
  0000026c    0000026c    000012c8   000012c8    r-x .text
  00001534    00001534    0000006c   0000006c    r-- .const
  000015a0    000015a0    00000030   00000030    r-- .cinit
20000000    20000000    00000242   00000000    rw-
  20000000    20000000    00000200   00000000    rw- .stack
  20000200    20000200    00000040   00000000    rw- .bss
  20000240    20000240    00000002   00000000    rw- .data


SECTION ALLOCATION MAP

 output                                  attributes/
section   page    origin      length       input sections
--------  ----  ----------  ----------   ----------------
.intvecs   0    00000000    0000026c     
                  00000000    0000026c     tm4c123gh6pm_startup_ccs.obj (.intvecs)

.text      0    0000026c    000012c8     
                  0000026c    000004c0     rtos.obj (.text)
                  0000072c    000004a8     shell.obj (.text)
                  00000bd4    00000390     uart0.obj (.text)
                  00000f64    000002b8     commandTerminalInterface.obj (.text)
                  0000121c    0000011c     gpio.obj (.text)
                  00001338    0000009c     rtsv7M4_T_le_v4SPD16_eabi.lib : memcpy_t2.asm.obj (.text)
                  000013d4    00000068                                   : copy_decompress_lzss.c.obj (.text:decompress:lzss:__TI_decompress_lzss)
                  0000143c    00000044                                   : autoinit.c.obj (.text:__TI_auto_init_nobinit_nopinit:__TI_auto_init_nobinit_nopinit)
                  00001480    00000034                                   : boot_cortex_m.c.obj (.text:_c_int00_noargs:_c_int00_noargs)
                  000014b4    00000034     rtos_start.obj (.text)
                  000014e8    0000001c     rtsv7M4_T_le_v4SPD16_eabi.lib : copy_zero_init.c.obj (.text:decompress:ZI:__TI_zero_init_nomemset:__TI_zero_init_nomemset)
                  00001504    00000010     clock.obj (.text)
                  00001514    0000000e     rtsv7M4_T_le_v4SPD16_eabi.lib : copy_decompress_none.c.obj (.text:decompress:none:__TI_decompress_none)
                  00001522    0000000a     tm4c123gh6pm_startup_ccs.obj (.text)
                  0000152c    00000004     rtsv7M4_T_le_v4SPD16_eabi.lib : pre_init.c.obj (.text:_system_pre_init)
                  00001530    00000004                                   : exit.c.obj (.text:abort:abort)

.const     0    00001534    0000006c     
                  00001534    0000005b     shell.obj (.const:$P$T0$1)
                  0000158f    00000011     uart0.obj (.const:.string:$P$T0$1)

.cinit     0    000015a0    00000030     
                  000015a0    0000000c     (__TI_handler_table)
                  000015ac    00000004     --HOLE-- [fill = 0]
                  000015b0    00000008     (.cinit..bss.load) [load image, compression = zero_init]
                  000015b8    00000006     (.cinit..data.load) [load image, compression = lzss]
                  000015be    00000002     --HOLE-- [fill = 0]
                  000015c0    00000010     (__TI_cinit_table)

.init_array 
*          0    00000000    00000000     UNINITIALIZED

.bss       0    20000200    00000040     UNINITIALIZED
                  20000200    00000040     uart0.obj (.bss:rx_buffer)

.data      0    20000240    00000002     UNINITIALIZED
                  20000240    00000002     uart0.obj (.data)

.stack     0    20000000    00000200     UNINITIALIZED
                  20000000    00000004     rtsv7M4_T_le_v4SPD16_eabi.lib : boot_cortex_m.c.obj (.stack)
                  20000004    000001fc     --HOLE--

__llvm_prf_cnts 
*          0    20000200    00000000     UNINITIALIZED

MODULE SUMMARY

       Module                         code   ro data   rw data
       ------                         ----   -------   -------
    .\
       shell.obj                      1192   91        0      
       rtos.obj                       1216   0         0      
       uart0.obj                      912    17        66     
       commandTerminalInterface.obj   696    0         0      
       tm4c123gh6pm_startup_ccs.obj   10     620       0      
       gpio.obj                       284    0         0      
       rtos_start.obj                 52     0         0      
       clock.obj                      16     0         0      
    +--+------------------------------+------+---------+---------+
       Total:                         4378   728       66     
                                                              
    C:\ti\ccs1281\ccs\tools\compiler\ti-cgt-arm_20.2.7.LTS\lib\rtsv7M4_T_le_v4SPD16_eabi.lib
       memcpy_t2.asm.obj              156    0         0      
       copy_decompress_lzss.c.obj     104    0         0      
       autoinit.c.obj                 68     0         0      
       boot_cortex_m.c.obj            52     0         0      
       copy_zero_init.c.obj           28     0         0      
       copy_decompress_none.c.obj     14     0         0      
       exit.c.obj                     4      0         0      
       pre_init.c.obj                 4      0         0      
    +--+------------------------------+------+---------+---------+
       Total:                         430    0         0      
                                                              
       Stack:                         0      0         512    
       Linker Generated:              0      42        0      
    +--+------------------------------+------+---------+---------+
       Grand Total:                   4808   770       578    


LINKER GENERATED COPY TABLES

__TI_cinit_table @ 000015c0 records: 2, size/record: 8, table size: 16
	.bss: load addr=000015b0, load size=00000008 bytes, run addr=20000200, run size=00000040 bytes, compression=zero_init
	.data: load addr=000015b8, load size=00000006 bytes, run addr=20000240, run size=00000002 bytes, compression=lzss


LINKER GENERATED HANDLER TABLE

__TI_handler_table @ 000015a0 records: 3, size/record: 4, table size: 12
	index: 0, handler: __TI_decompress_lzss
	index: 1, handler: __TI_decompress_none
	index: 2, handler: __TI_zero_init


GLOBAL SYMBOLS: SORTED ALPHABETICALLY BY Name 

address   name                          
-------   ----                          
00000403  BusFault_Handler              
00001531  C$$EXIT                       
0000054d  HardFault_Handler             
00000489  MPU_Handler                   
00000505  PendSV_Handler                
00001523  ResetISR                      
00000c71  Uart0_Interrupt_Handler       
0000043b  UsageFault_Handler            
20000200  __STACK_END                   
00000200  __STACK_SIZE                  
20000200  __STACK_TOP                   
000015c0  __TI_CINIT_Base               
000015d0  __TI_CINIT_Limit              
000015a0  __TI_Handler_Table_Base       
000015ac  __TI_Handler_Table_Limit      
0000143d  __TI_auto_init_nobinit_nopinit
000013d5  __TI_decompress_lzss          
00001515  __TI_decompress_none          
ffffffff  __TI_pprof_out_hndl           
ffffffff  __TI_prof_data_size           
ffffffff  __TI_prof_data_start          
00000000  __TI_static_base__            
000014e9  __TI_zero_init_nomemset       
00001339  __aeabi_memcpy                
00001339  __aeabi_memcpy4               
00001339  __aeabi_memcpy8               
ffffffff  __binit__                     
ffffffff  __c_args__                    
UNDEFED   __mpu_init                    
20000000  __stack                       
20000200  __start___llvm_prf_cnts       
20000200  __stop___llvm_prf_cnts        
00001481  _c_int00_noargs               
UNDEFED   _system_post_cinit            
0000152d  _system_pre_init              
00001531  abort                         
ffffffff  binit                         
00000000  g_pfnVectors                  
00001005  getFieldCount                 
0000104d  getFieldInteger               
00001015  getFieldString                
000003b3  getInstructionSize            
000012bf  getPressedButton              
000014d1  getPsp                        
00000cef  getcUart0                     
00000d15  getsUart0                     
00000293  gpioStart                     
0000121d  initGPIO                      
000002ff  initHandler                   
00001505  initSystemClockTo40Mhz        
00000bd5  initUart0                     
000008f5  ipcs                          
000008bd  isBackground                  
000010cb  isCommand                     
00000cd7  kbhit                         
000008ff  kill                          
000014b5  launchThread                  
0000026d  main                          
00001339  memcpy                        
00000f65  myStrCmp                      
00000fcf  myStrCpy                      
00000fab  myStrLen                      
00001113  parseFields                   
00000935  pi                            
00000923  pidof                         
00000911  pkill                         
00000a7d  preempt                       
00000e91  printHex32bit                 
00000315  printStackDump                
000008eb  ps                            
00000e23  putUintUart0                  
00000de9  putcUart0                     
00000e07  putsUart0                     
00000aa7  sched                         
000014d7  setAsp                        
000014cb  setPsp                        
0000072d  shell                         
000003f1  triggerBusFault               
00000531  triggerHardFault              
00000461  triggerMPUDataFault           
00000475  triggerMPUInstFault           
000004f1  triggerPendSV                 
00000429  triggerUsageFault             
000002fd  yield                         


GLOBAL SYMBOLS: SORTED BY Symbol Address 

address   name                          
-------   ----                          
00000000  __TI_static_base__            
00000000  g_pfnVectors                  
00000200  __STACK_SIZE                  
0000026d  main                          
00000293  gpioStart                     
000002fd  yield                         
000002ff  initHandler                   
00000315  printStackDump                
000003b3  getInstructionSize            
000003f1  triggerBusFault               
00000403  BusFault_Handler              
00000429  triggerUsageFault             
0000043b  UsageFault_Handler            
00000461  triggerMPUDataFault           
00000475  triggerMPUInstFault           
00000489  MPU_Handler                   
000004f1  triggerPendSV                 
00000505  PendSV_Handler                
00000531  triggerHardFault              
0000054d  HardFault_Handler             
0000072d  shell                         
000008bd  isBackground                  
000008eb  ps                            
000008f5  ipcs                          
000008ff  kill                          
00000911  pkill                         
00000923  pidof                         
00000935  pi                            
00000a7d  preempt                       
00000aa7  sched                         
00000bd5  initUart0                     
00000c71  Uart0_Interrupt_Handler       
00000cd7  kbhit                         
00000cef  getcUart0                     
00000d15  getsUart0                     
00000de9  putcUart0                     
00000e07  putsUart0                     
00000e23  putUintUart0                  
00000e91  printHex32bit                 
00000f65  myStrCmp                      
00000fab  myStrLen                      
00000fcf  myStrCpy                      
00001005  getFieldCount                 
00001015  getFieldString                
0000104d  getFieldInteger               
000010cb  isCommand                     
00001113  parseFields                   
0000121d  initGPIO                      
000012bf  getPressedButton              
00001339  __aeabi_memcpy                
00001339  __aeabi_memcpy4               
00001339  __aeabi_memcpy8               
00001339  memcpy                        
000013d5  __TI_decompress_lzss          
0000143d  __TI_auto_init_nobinit_nopinit
00001481  _c_int00_noargs               
000014b5  launchThread                  
000014cb  setPsp                        
000014d1  getPsp                        
000014d7  setAsp                        
000014e9  __TI_zero_init_nomemset       
00001505  initSystemClockTo40Mhz        
00001515  __TI_decompress_none          
00001523  ResetISR                      
0000152d  _system_pre_init              
00001531  C$$EXIT                       
00001531  abort                         
000015a0  __TI_Handler_Table_Base       
000015ac  __TI_Handler_Table_Limit      
000015c0  __TI_CINIT_Base               
000015d0  __TI_CINIT_Limit              
20000000  __stack                       
20000200  __STACK_END                   
20000200  __STACK_TOP                   
20000200  __start___llvm_prf_cnts       
20000200  __stop___llvm_prf_cnts        
ffffffff  __TI_pprof_out_hndl           
ffffffff  __TI_prof_data_size           
ffffffff  __TI_prof_data_start          
ffffffff  __binit__                     
ffffffff  __c_args__                    
ffffffff  binit                         
UNDEFED   __mpu_init                    
UNDEFED   _system_post_cinit            

[84 symbols]
